RUN_STARTED commit=cb0e6af 2026-09-14T03:38:50Z
Preparing worktree (detached HEAD cb0e6af)
HEAD is now at cb0e6af scripts: the hygiene walk skips merge commits (combined diffs are not authored mixing); four lint findings in the imported paper scripts
worktree_head=cb0e6afc17e7690fa1f498d503012e40875a1181
🍹 Building a mixed python/rust project
🐍 Found CPython 3.12 at /mnt/project/xzhang/tgms/venv/bin/python
🔗 Found pyo3 bindings
📡 Using build options features from pyproject.toml
   Compiling target-lexicon v0.13.5
   Compiling proc-macro2 v1.0.107
   Compiling quote v1.0.47
   Compiling unicode-ident v1.0.24
   Compiling autocfg v1.5.1
   Compiling libc v0.2.189
   Compiling typenum v1.20.1
   Compiling serde_core v1.0.229
   Compiling semver v1.0.28
   Compiling zmij v1.0.23
   Compiling heck v0.5.0
   Compiling serde_json v1.0.151
   Compiling serde v1.0.229
   Compiling const-oid v0.10.2
   Compiling rawpointer v0.2.1
   Compiling cpufeatures v0.3.0
   Compiling adler2 v2.0.1
   Compiling cfg-if v1.0.4
   Compiling itoa v1.0.18
   Compiling once_cell v1.21.4
   Compiling memchr v2.8.3
   Compiling rustc-hash v2.1.3
   Compiling miniz_oxide v0.8.9
   Compiling rustc_version v0.4.1
   Compiling num-traits v0.2.19
   Compiling matrixmultiply v0.3.11
   Compiling crc32c v0.6.8
   Compiling pyo3-build-config v0.29.0
   Compiling syn v2.0.119
   Compiling syn v3.0.3
   Compiling hybrid-array v0.4.13
   Compiling memmap2 v0.9.11
   Compiling num-integer v0.1.46
   Compiling num-complex v0.4.6
   Compiling pyo3-ffi v0.29.0
   Compiling pyo3 v0.29.0
   Compiling numpy v0.29.0
   Compiling block-buffer v0.12.1
   Compiling crypto-common v0.2.2
   Compiling ndarray v0.17.2
   Compiling digest v0.11.3
   Compiling sha2 v0.11.0
   Compiling serde_derive v1.0.229
   Compiling pyo3-macros-backend v0.29.0
   Compiling tgms-engine-core v0.8.0 (/mnt/project/xzhang/tgms/work/tgms-ctl-cb0e6af/crates/tgms-engine-core)
   Compiling pyo3-macros v0.29.0
   Compiling tgms-engine-py v0.8.0 (/mnt/project/xzhang/tgms/work/tgms-ctl-cb0e6af/crates/tgms-engine-py)
    Finished `release` profile [optimized] target(s) in 30.78s
📦 Built wheel for CPython 3.12 to target/wheels/tgms-0.8.0-cp312-cp312-manylinux_2_31_x86_64.whl
WHEEL=target/wheels/tgms-0.8.0-cp312-cp312-manylinux_2_31_x86_64.whl
SO=/mnt/project/xzhang/tgms/tmp/ctl-wheel-extract/tgms/_engine.cpython-312-x86_64-linux-gnu.so
VERIFY:
core_version 0.8.0
MANIFEST_FORMAT_VERSION ABSENT
RUN_DONE 2026-09-14T03:39:22Z
