PROJECT_DU_BEFORE_MB=38966
RUN_STARTED commit=b159bd10aa53ad5de5f4e8ff7af1c87789d6afd0
BUILD_INFO {"profile": "release", "opt_level": "3", "engine_version": "0.8.0", "debug_assertions": false, "manifest_format_version": 3}
TGMS_SEGMENT_CACHE_BYTES=46500000000
SLURM_JOB_ID=213188 SLURM_NODELIST=itiger07 NODE=itiger07
CPU_MODEL=AMD EPYC 7513 32-Core Processor
BUILD_PID=1474941
digest_mode='streaming' (explicit)
RUN_STARTED commit=b159bd10aa53ad5de5f4e8ff7af1c87789d6afd0 dataset=synth n_entities=100000000 seed=0 batch=250 compact_every=1000000 out=/project/xzhang12/tgms-b7/stores/synth-100m-native backend=native resume=False digest=streaming host=itiger07
         500,000 ops      12,292 ops/s  elapsed     40.7s  maxrss 398 MB  manifest 6,208,763 B  segment 28,099,043 B  compactions 0
       1,000,000 ops       8,309 ops/s  elapsed    120.4s  maxrss 2764 MB  manifest 3,950,069 B  segment 89,569,715 B  compactions 1
       1,500,000 ops       9,331 ops/s  elapsed    160.8s  maxrss 2764 MB  manifest 10,601,888 B  segment 110,209,276 B  compactions 1
       2,000,000 ops       7,971 ops/s  elapsed    250.9s  maxrss 4937 MB  manifest 3,983,084 B  segment 145,740,951 B  compactions 2
       2,500,000 ops       8,553 ops/s  elapsed    292.3s  maxrss 4937 MB  manifest 11,001,468 B  segment 165,426,964 B  compactions 2
       3,000,000 ops       7,818 ops/s  elapsed    383.7s  maxrss 6515 MB  manifest 3,845,922 B  segment 197,811,460 B  compactions 3
       3,500,000 ops       8,392 ops/s  elapsed    417.0s  maxrss 6515 MB  manifest 9,979,157 B  segment 215,710,362 B  compactions 3
       4,000,000 ops       8,223 ops/s  elapsed    486.4s  maxrss 7812 MB  manifest 2,825,999 B  segment 245,564,552 B  compactions 4
       4,500,000 ops       8,808 ops/s  elapsed    510.9s  maxrss 7812 MB  manifest 7,760,937 B  segment 261,728,203 B  compactions 4
       5,000,000 ops       8,857 ops/s  elapsed    564.5s  maxrss 9018 MB  manifest 2,197,368 B  segment 294,595,594 B  compactions 5
       5,500,000 ops       9,388 ops/s  elapsed    585.9s  maxrss 9018 MB  manifest 5,987,621 B  segment 310,418,894 B  compactions 5
       6,000,000 ops       9,383 ops/s  elapsed    639.5s  maxrss 10236 MB  manifest 2,080,193 B  segment 345,619,669 B  compactions 6
       6,500,000 ops       9,836 ops/s  elapsed    660.8s  maxrss 10236 MB  manifest 6,007,809 B  segment 361,383,451 B  compactions 6
       7,000,000 ops       9,750 ops/s  elapsed    718.0s  maxrss 11678 MB  manifest 2,063,402 B  segment 397,055,559 B  compactions 7
       7,500,000 ops      10,150 ops/s  elapsed    738.9s  maxrss 11678 MB  manifest 6,191,478 B  segment 412,815,504 B  compactions 7
       8,000,000 ops       9,988 ops/s  elapsed    801.0s  maxrss 12970 MB  manifest 2,062,478 B  segment 448,555,417 B  compactions 8
       8,500,000 ops      10,337 ops/s  elapsed    822.3s  maxrss 12970 MB  manifest 6,385,882 B  segment 464,315,119 B  compactions 8
       9,000,000 ops      10,136 ops/s  elapsed    887.9s  maxrss 13965 MB  manifest 2,062,480 B  segment 500,058,805 B  compactions 9
       9,500,000 ops      10,443 ops/s  elapsed    909.7s  maxrss 13965 MB  manifest 6,581,204 B  segment 515,818,465 B  compactions 9
      10,000,000 ops      10,200 ops/s  elapsed    980.4s  maxrss 16054 MB  manifest 2,062,999 B  segment 551,565,162 B  compactions 10
      10,500,000 ops      10,484 ops/s  elapsed   1001.5s  maxrss 16054 MB  manifest 6,809,495 B  segment 567,521,074 B  compactions 10
      11,000,000 ops      10,242 ops/s  elapsed   1074.0s  maxrss 16476 MB  manifest 2,079,521 B  segment 603,672,589 B  compactions 11
      11,500,000 ops      10,497 ops/s  elapsed   1095.5s  maxrss 16476 MB  manifest 5,962,901 B  segment 619,627,352 B  compactions 11
      12,000,000 ops      10,227 ops/s  elapsed   1173.3s  maxrss 17580 MB  manifest 2,080,045 B  segment 655,619,724 B  compactions 12
      12,500,000 ops      10,465 ops/s  elapsed   1194.5s  maxrss 17580 MB  manifest 6,162,349 B  segment 671,574,445 B  compactions 12
      13,000,000 ops      10,188 ops/s  elapsed   1276.0s  maxrss 18812 MB  manifest 2,080,567 B  segment 707,594,364 B  compactions 13
      13,500,000 ops      10,410 ops/s  elapsed   1296.9s  maxrss 18812 MB  manifest 6,359,715 B  segment 723,549,088 B  compactions 13
      14,000,000 ops      10,126 ops/s  elapsed   1382.6s  maxrss 20040 MB  manifest 2,081,089 B  segment 759,571,066 B  compactions 14
      14,500,000 ops      10,327 ops/s  elapsed   1404.1s  maxrss 20040 MB  manifest 6,559,161 B  segment 775,525,747 B  compactions 14
      15,000,000 ops      10,031 ops/s  elapsed   1495.3s  maxrss 21539 MB  manifest 2,081,611 B  segment 811,546,704 B  compactions 15
      15,500,000 ops      10,222 ops/s  elapsed   1516.4s  maxrss 21539 MB  manifest 6,756,527 B  segment 827,502,426 B  compactions 15
      16,000,000 ops       9,928 ops/s  elapsed   1611.6s  maxrss 22768 MB  manifest 2,081,612 B  segment 863,524,027 B  compactions 16
      16,500,000 ops      10,103 ops/s  elapsed   1633.2s  maxrss 22768 MB  manifest 5,897,105 B  segment 879,478,839 B  compactions 16
      17,000,000 ops       9,796 ops/s  elapsed   1735.4s  maxrss 23999 MB  manifest 2,082,133 B  segment 915,498,710 B  compactions 17
      17,500,000 ops       9,959 ops/s  elapsed   1757.2s  maxrss 23999 MB  manifest 6,091,949 B  segment 931,453,517 B  compactions 17
      18,000,000 ops       9,660 ops/s  elapsed   1863.3s  maxrss 25230 MB  manifest 2,082,655 B  segment 967,474,088 B  compactions 18
      18,500,000 ops       9,815 ops/s  elapsed   1884.9s  maxrss 25230 MB  manifest 6,289,315 B  segment 983,428,957 B  compactions 18
      19,000,000 ops       9,527 ops/s  elapsed   1994.4s  maxrss 26461 MB  manifest 2,083,177 B  segment 1,019,450,736 B  compactions 19
      19,500,000 ops       9,673 ops/s  elapsed   2015.9s  maxrss 26461 MB  manifest 6,488,761 B  segment 1,035,405,508 B  compactions 19
      20,000,000 ops       9,384 ops/s  elapsed   2131.2s  maxrss 27694 MB  manifest 2,083,699 B  segment 1,071,427,011 B  compactions 20
      20,500,000 ops       9,522 ops/s  elapsed   2153.0s  maxrss 27694 MB  manifest 6,686,127 B  segment 1,087,383,144 B  compactions 20
      21,000,000 ops       9,243 ops/s  elapsed   2271.9s  maxrss 28922 MB  manifest 2,084,221 B  segment 1,123,377,973 B  compactions 21
      21,500,000 ops       9,371 ops/s  elapsed   2294.3s  maxrss 28922 MB  manifest 6,885,573 B  segment 1,139,332,893 B  compactions 21
      22,000,000 ops       9,097 ops/s  elapsed   2418.4s  maxrss 30153 MB  manifest 2,084,745 B  segment 1,175,323,585 B  compactions 22
      22,500,000 ops       9,221 ops/s  elapsed   2440.2s  maxrss 30153 MB  manifest 6,024,077 B  segment 1,191,278,458 B  compactions 22
      23,000,000 ops       8,953 ops/s  elapsed   2569.0s  maxrss 31385 MB  manifest 2,085,266 B  segment 1,227,300,063 B  compactions 23
      23,500,000 ops       9,064 ops/s  elapsed   2592.8s  maxrss 31385 MB  manifest 6,223,518 B  segment 1,243,254,840 B  compactions 23
      24,000,000 ops       8,811 ops/s  elapsed   2723.8s  maxrss 32615 MB  manifest 2,085,788 B  segment 1,279,274,346 B  compactions 24
      24,500,000 ops       8,920 ops/s  elapsed   2746.7s  maxrss 32615 MB  manifest 6,420,888 B  segment 1,295,229,029 B  compactions 24
      25,000,000 ops       8,671 ops/s  elapsed   2883.2s  maxrss 33846 MB  manifest 2,085,794 B  segment 1,331,250,419 B  compactions 25
      25,500,000 ops       8,772 ops/s  elapsed   2906.9s  maxrss 33846 MB  manifest 6,623,730 B  segment 1,347,206,231 B  compactions 25
      26,000,000 ops       8,529 ops/s  elapsed   3048.6s  maxrss 35075 MB  manifest 2,086,315 B  segment 1,383,228,296 B  compactions 26
      26,500,000 ops       8,632 ops/s  elapsed   3069.9s  maxrss 35075 MB  manifest 6,823,175 B  segment 1,399,183,109 B  compactions 26
      27,000,000 ops       8,389 ops/s  elapsed   3218.6s  maxrss 36309 MB  manifest 2,086,837 B  segment 1,435,201,845 B  compactions 27
      27,500,000 ops       8,486 ops/s  elapsed   3240.6s  maxrss 36309 MB  manifest 5,959,677 B  segment 1,451,156,797 B  compactions 27
      28,000,000 ops       8,252 ops/s  elapsed   3393.1s  maxrss 37535 MB  manifest 2,087,359 B  segment 1,487,178,507 B  compactions 28
      28,500,000 ops       8,342 ops/s  elapsed   3416.3s  maxrss 37535 MB  manifest 6,159,123 B  segment 1,503,133,316 B  compactions 28
      29,000,000 ops       8,121 ops/s  elapsed   3570.9s  maxrss 38765 MB  manifest 2,087,881 B  segment 1,539,152,791 B  compactions 29
      29,500,000 ops       8,211 ops/s  elapsed   3592.8s  maxrss 38765 MB  manifest 6,356,489 B  segment 1,555,107,647 B  compactions 29
      30,000,000 ops       7,990 ops/s  elapsed   3754.7s  maxrss 40540 MB  manifest 2,088,403 B  segment 1,591,130,024 B  compactions 30
      30,500,000 ops       8,074 ops/s  elapsed   3777.4s  maxrss 40540 MB  manifest 6,555,935 B  segment 1,607,086,259 B  compactions 30
      31,000,000 ops       7,871 ops/s  elapsed   3938.7s  maxrss 41770 MB  manifest 2,088,925 B  segment 1,643,081,008 B  compactions 31
      31,500,000 ops       7,950 ops/s  elapsed   3962.0s  maxrss 41770 MB  manifest 6,753,301 B  segment 1,659,035,673 B  compactions 31
      32,000,000 ops       7,745 ops/s  elapsed   4131.5s  maxrss 43003 MB  manifest 2,088,926 B  segment 1,695,026,128 B  compactions 32
      32,500,000 ops       7,823 ops/s  elapsed   4154.2s  maxrss 43003 MB  manifest 5,898,514 B  segment 1,710,981,000 B  compactions 32
      33,000,000 ops       7,627 ops/s  elapsed   4326.6s  maxrss 44316 MB  manifest 2,089,447 B  segment 1,747,002,221 B  compactions 33
      33,500,000 ops       7,706 ops/s  elapsed   4347.5s  maxrss 44316 MB  manifest 6,088,723 B  segment 1,762,957,034 B  compactions 33
      34,000,000 ops       7,519 ops/s  elapsed   4521.8s  maxrss 48276 MB  manifest 2,089,969 B  segment 1,798,977,657 B  compactions 34
      34,500,000 ops       7,595 ops/s  elapsed   4542.6s  maxrss 48276 MB  manifest 6,286,089 B  segment 1,814,932,242 B  compactions 34
      35,000,000 ops       7,411 ops/s  elapsed   4722.7s  maxrss 48815 MB  manifest 2,090,491 B  segment 1,850,954,381 B  compactions 35
      35,500,000 ops       7,484 ops/s  elapsed   4743.3s  maxrss 48815 MB  manifest 6,485,535 B  segment 1,866,910,015 B  compactions 35
      36,000,000 ops       7,309 ops/s  elapsed   4925.6s  maxrss 49301 MB  manifest 2,091,013 B  segment 1,902,932,515 B  compactions 36
      36,500,000 ops       7,379 ops/s  elapsed   4946.6s  maxrss 49301 MB  manifest 6,682,901 B  segment 1,918,887,181 B  compactions 36
      37,000,000 ops       7,206 ops/s  elapsed   5134.8s  maxrss 49909 MB  manifest 2,091,535 B  segment 1,954,907,903 B  compactions 37
      37,500,000 ops       7,274 ops/s  elapsed   5155.5s  maxrss 49909 MB  manifest 6,882,347 B  segment 1,970,862,661 B  compactions 37
      38,000,000 ops       7,102 ops/s  elapsed   5350.3s  maxrss 50442 MB  manifest 2,092,057 B  segment 2,006,884,092 B  compactions 38
      38,500,000 ops       7,169 ops/s  elapsed   5370.7s  maxrss 50442 MB  manifest 6,018,849 B  segment 2,022,838,818 B  compactions 38
      39,000,000 ops       7,005 ops/s  elapsed   5567.6s  maxrss 51614 MB  manifest 2,092,579 B  segment 2,058,859,874 B  compactions 39
      39,500,000 ops       7,069 ops/s  elapsed   5588.1s  maxrss 51614 MB  manifest 6,218,295 B  segment 2,074,814,553 B  compactions 39
      40,000,000 ops       6,906 ops/s  elapsed   5792.1s  maxrss 52844 MB  manifest 2,093,101 B  segment 2,110,835,842 B  compactions 40
      40,500,000 ops       6,967 ops/s  elapsed   5812.9s  maxrss 52844 MB  manifest 6,415,661 B  segment 2,126,791,895 B  compactions 40
      41,000,000 ops       6,812 ops/s  elapsed   6018.9s  maxrss 54075 MB  manifest 2,093,102 B  segment 2,162,786,945 B  compactions 41
      41,500,000 ops       6,872 ops/s  elapsed   6039.3s  maxrss 54075 MB  manifest 6,612,502 B  segment 2,178,741,600 B  compactions 41
      42,000,000 ops       6,720 ops/s  elapsed   6249.7s  maxrss 55308 MB  manifest 2,093,623 B  segment 2,214,733,073 B  compactions 42
      42,500,000 ops       6,778 ops/s  elapsed   6270.3s  maxrss 55308 MB  manifest 6,811,947 B  segment 2,230,687,884 B  compactions 42
      43,000,000 ops       6,629 ops/s  elapsed   6486.6s  maxrss 56534 MB  manifest 2,094,145 B  segment 2,266,709,001 B  compactions 43
      43,500,000 ops       6,685 ops/s  elapsed   6507.3s  maxrss 56534 MB  manifest 5,944,197 B  segment 2,282,663,647 B  compactions 43
      44,000,000 ops       6,540 ops/s  elapsed   6727.4s  maxrss 57762 MB  manifest 2,094,667 B  segment 2,318,684,549 B  compactions 44
      44,500,000 ops       6,595 ops/s  elapsed   6748.0s  maxrss 57762 MB  manifest 6,147,895 B  segment 2,334,639,213 B  compactions 44
      45,000,000 ops       6,453 ops/s  elapsed   6973.2s  maxrss 58994 MB  manifest 2,095,189 B  segment 2,370,660,029 B  compactions 45
      45,500,000 ops       6,506 ops/s  elapsed   6994.0s  maxrss 58994 MB  manifest 6,345,261 B  segment 2,386,615,569 B  compactions 45
      46,000,000 ops       6,371 ops/s  elapsed   7220.1s  maxrss 60224 MB  manifest 2,095,711 B  segment 2,422,638,482 B  compactions 46
      46,500,000 ops       6,422 ops/s  elapsed   7240.9s  maxrss 60224 MB  manifest 6,544,707 B  segment 2,438,593,177 B  compactions 46
      47,000,000 ops       6,289 ops/s  elapsed   7473.4s  maxrss 61458 MB  manifest 2,096,233 B  segment 2,474,611,197 B  compactions 47
      47,500,000 ops       6,338 ops/s  elapsed   7494.5s  maxrss 61458 MB  manifest 6,742,073 B  segment 2,490,565,844 B  compactions 47
      48,000,000 ops       6,208 ops/s  elapsed   7731.4s  maxrss 62689 MB  manifest 2,096,754 B  segment 2,526,588,760 B  compactions 48
      48,500,000 ops       6,256 ops/s  elapsed   7752.1s  maxrss 62689 MB  manifest 6,941,514 B  segment 2,542,543,382 B  compactions 48
      49,000,000 ops       6,128 ops/s  elapsed   7995.5s  maxrss 63922 MB  manifest 2,097,276 B  segment 2,578,564,292 B  compactions 49
      49,500,000 ops       6,175 ops/s  elapsed   8016.2s  maxrss 63922 MB  manifest 6,078,020 B  segment 2,594,518,880 B  compactions 49
      50,000,000 ops       6,050 ops/s  elapsed   8264.9s  maxrss 65151 MB  manifest 2,097,278 B  segment 2,630,539,107 B  compactions 50
      50,500,000 ops       6,095 ops/s  elapsed   8285.2s  maxrss 65151 MB  manifest 6,274,862 B  segment 2,645,914,846 B  compactions 50
      51,000,000 ops       5,973 ops/s  elapsed   8537.8s  maxrss 66379 MB  manifest 2,097,799 B  segment 2,680,591,825 B  compactions 51
      51,500,000 ops       6,017 ops/s  elapsed   8558.8s  maxrss 66379 MB  manifest 6,474,307 B  segment 2,695,966,978 B  compactions 51
      52,000,000 ops       5,900 ops/s  elapsed   8814.2s  maxrss 67610 MB  manifest 2,098,321 B  segment 2,731,050,535 B  compactions 52
      52,500,000 ops       5,942 ops/s  elapsed   8835.0s  maxrss 67610 MB  manifest 6,671,673 B  segment 2,746,425,348 B  compactions 52
      53,000,000 ops       5,828 ops/s  elapsed   9093.8s  maxrss 68840 MB  manifest 2,098,843 B  segment 2,781,526,780 B  compactions 53
      53,500,000 ops       5,870 ops/s  elapsed   9114.7s  maxrss 68840 MB  manifest 6,871,119 B  segment 2,796,901,646 B  compactions 53
      54,000,000 ops       5,757 ops/s  elapsed   9379.4s  maxrss 70066 MB  manifest 2,099,365 B  segment 2,832,001,697 B  compactions 54
      54,500,000 ops       5,798 ops/s  elapsed   9400.1s  maxrss 70066 MB  manifest 6,007,621 B  segment 2,847,376,677 B  compactions 54
      55,000,000 ops       5,689 ops/s  elapsed   9667.5s  maxrss 71295 MB  manifest 2,099,887 B  segment 2,882,477,869 B  compactions 55
      55,500,000 ops       5,728 ops/s  elapsed   9688.4s  maxrss 71295 MB  manifest 6,207,067 B  segment 2,898,433,814 B  compactions 55
      56,000,000 ops       5,623 ops/s  elapsed   9958.7s  maxrss 72527 MB  manifest 2,100,409 B  segment 2,934,878,317 B  compactions 56
      56,500,000 ops       5,662 ops/s  elapsed   9979.6s  maxrss 72527 MB  manifest 6,404,433 B  segment 2,950,834,012 B  compactions 56
      57,000,000 ops       5,557 ops/s  elapsed  10257.9s  maxrss 73758 MB  manifest 2,100,410 B  segment 2,986,866,749 B  compactions 57
      57,500,000 ops       5,594 ops/s  elapsed  10278.4s  maxrss 73758 MB  manifest 6,601,274 B  segment 3,002,822,519 B  compactions 57
      58,000,000 ops       5,493 ops/s  elapsed  10558.5s  maxrss 74988 MB  manifest 2,100,931 B  segment 3,038,841,817 B  compactions 58
      58,500,000 ops       5,530 ops/s  elapsed  10578.7s  maxrss 74988 MB  manifest 6,800,719 B  segment 3,054,797,481 B  compactions 58
      59,000,000 ops       5,430 ops/s  elapsed  10864.7s  maxrss 77304 MB  manifest 2,101,453 B  segment 3,090,817,555 B  compactions 59
      59,500,000 ops       5,466 ops/s  elapsed  10885.5s  maxrss 77304 MB  manifest 5,937,603 B  segment 3,106,773,048 B  compactions 59
      60,000,000 ops       5,368 ops/s  elapsed  11177.1s  maxrss 78535 MB  manifest 2,101,975 B  segment 3,142,794,395 B  compactions 60
      60,500,000 ops       5,403 ops/s  elapsed  11198.3s  maxrss 78535 MB  manifest 6,136,667 B  segment 3,158,750,574 B  compactions 60
      61,000,000 ops       5,306 ops/s  elapsed  11496.8s  maxrss 79768 MB  manifest 2,102,497 B  segment 3,194,743,392 B  compactions 61
      61,500,000 ops       5,339 ops/s  elapsed  11518.0s  maxrss 79768 MB  manifest 6,334,033 B  segment 3,210,698,188 B  compactions 61
      62,000,000 ops       5,245 ops/s  elapsed  11821.0s  maxrss 80994 MB  manifest 2,103,019 B  segment 3,246,690,021 B  compactions 62
      62,500,000 ops       5,278 ops/s  elapsed  11842.5s  maxrss 80994 MB  manifest 6,533,479 B  segment 3,262,644,933 B  compactions 62
      63,000,000 ops       5,187 ops/s  elapsed  12145.5s  maxrss 82710 MB  manifest 2,103,541 B  segment 3,298,665,506 B  compactions 63
      63,500,000 ops       5,219 ops/s  elapsed  12166.3s  maxrss 82710 MB  manifest 6,730,845 B  segment 3,314,620,215 B  compactions 63
      64,000,000 ops       5,129 ops/s  elapsed  12477.9s  maxrss 83455 MB  manifest 2,104,063 B  segment 3,350,642,247 B  compactions 64
      64,500,000 ops       5,161 ops/s  elapsed  12498.6s  maxrss 83455 MB  manifest 6,930,291 B  segment 3,366,597,032 B  compactions 64
      65,000,000 ops       5,074 ops/s  elapsed  12811.1s  maxrss 84689 MB  manifest 2,104,585 B  segment 3,402,617,519 B  compactions 65
      65,500,000 ops       5,104 ops/s  elapsed  12832.3s  maxrss 84689 MB  manifest 6,066,793 B  segment 3,418,573,183 B  compactions 65
      66,000,000 ops       5,019 ops/s  elapsed  13150.4s  maxrss 86036 MB  manifest 2,104,586 B  segment 3,454,594,031 B  compactions 66
      66,500,000 ops       5,049 ops/s  elapsed  13171.4s  maxrss 86036 MB  manifest 6,263,634 B  segment 3,470,548,740 B  compactions 66
      67,000,000 ops       4,967 ops/s  elapsed  13490.0s  maxrss 87204 MB  manifest 2,105,107 B  segment 3,506,569,880 B  compactions 67
      67,500,000 ops       4,996 ops/s  elapsed  13511.0s  maxrss 87204 MB  manifest 6,463,079 B  segment 3,522,524,589 B  compactions 67
      68,000,000 ops       4,913 ops/s  elapsed  13840.4s  maxrss 88381 MB  manifest 2,105,629 B  segment 3,558,546,360 B  compactions 68
      68,500,000 ops       4,942 ops/s  elapsed  13861.3s  maxrss 88381 MB  manifest 6,660,445 B  segment 3,574,501,146 B  compactions 68
      69,000,000 ops       4,861 ops/s  elapsed  14193.9s  maxrss 89608 MB  manifest 2,106,151 B  segment 3,610,523,451 B  compactions 69
      69,500,000 ops       4,889 ops/s  elapsed  14215.1s  maxrss 89608 MB  manifest 6,859,891 B  segment 3,626,478,234 B  compactions 69
      70,000,000 ops       4,810 ops/s  elapsed  14554.4s  maxrss 90839 MB  manifest 2,106,673 B  segment 3,662,499,648 B  compactions 70
      70,500,000 ops       4,837 ops/s  elapsed  14575.7s  maxrss 90839 MB  manifest 5,983,287 B  segment 3,678,455,765 B  compactions 70
      71,000,000 ops       4,759 ops/s  elapsed  14918.0s  maxrss 92068 MB  manifest 2,107,195 B  segment 3,714,452,295 B  compactions 71
      71,500,000 ops       4,786 ops/s  elapsed  14939.0s  maxrss 92068 MB  manifest 6,195,839 B  segment 3,730,407,151 B  compactions 71
      72,000,000 ops       4,710 ops/s  elapsed  15286.6s  maxrss 93299 MB  manifest 2,107,717 B  segment 3,766,398,884 B  compactions 72
      72,500,000 ops       4,736 ops/s  elapsed  15307.4s  maxrss 93299 MB  manifest 6,393,205 B  segment 3,782,353,814 B  compactions 72
      73,000,000 ops       4,662 ops/s  elapsed  15659.2s  maxrss 94527 MB  manifest 2,108,238 B  segment 3,818,375,252 B  compactions 73
      73,500,000 ops       4,688 ops/s  elapsed  15680.0s  maxrss 94527 MB  manifest 6,592,646 B  segment 3,834,329,903 B  compactions 73
      74,000,000 ops       4,614 ops/s  elapsed  16036.7s  maxrss 95760 MB  manifest 2,108,760 B  segment 3,870,350,284 B  compactions 74
      74,500,000 ops       4,640 ops/s  elapsed  16057.5s  maxrss 95760 MB  manifest 6,790,016 B  segment 3,886,304,991 B  compactions 74
      75,000,000 ops       4,568 ops/s  elapsed  16418.3s  maxrss 96989 MB  manifest 2,108,762 B  segment 3,922,325,481 B  compactions 75
      75,500,000 ops       4,593 ops/s  elapsed  16439.3s  maxrss 96989 MB  manifest 5,931,010 B  segment 3,938,281,131 B  compactions 75
      76,000,000 ops       4,523 ops/s  elapsed  16802.8s  maxrss 98220 MB  manifest 2,109,283 B  segment 3,974,303,270 B  compactions 76
      76,500,000 ops       4,547 ops/s  elapsed  16823.9s  maxrss 98220 MB  manifest 6,125,439 B  segment 3,990,257,908 B  compactions 76
      77,000,000 ops       4,477 ops/s  elapsed  17198.3s  maxrss 99452 MB  manifest 2,109,805 B  segment 4,026,277,526 B  compactions 77
      77,500,000 ops       4,501 ops/s  elapsed  17219.7s  maxrss 99452 MB  manifest 6,322,805 B  segment 4,042,232,231 B  compactions 77
      78,000,000 ops       4,433 ops/s  elapsed  17594.2s  maxrss 100682 MB  manifest 2,110,327 B  segment 4,078,254,121 B  compactions 78
      78,500,000 ops       4,456 ops/s  elapsed  17615.3s  maxrss 100682 MB  manifest 6,522,251 B  segment 4,094,208,971 B  compactions 78
      79,000,000 ops       4,391 ops/s  elapsed  17992.0s  maxrss 101915 MB  manifest 2,110,849 B  segment 4,130,229,085 B  compactions 79
      79,500,000 ops       4,413 ops/s  elapsed  18013.3s  maxrss 101915 MB  manifest 6,719,617 B  segment 4,146,183,865 B  compactions 79
      80,000,000 ops       4,349 ops/s  elapsed  18396.3s  maxrss 103137 MB  manifest 2,111,371 B  segment 4,182,205,889 B  compactions 80
      80,500,000 ops       4,371 ops/s  elapsed  18417.4s  maxrss 103137 MB  manifest 6,919,063 B  segment 4,198,162,077 B  compactions 80
      81,000,000 ops       4,307 ops/s  elapsed  18806.4s  maxrss 104375 MB  manifest 2,111,893 B  segment 4,234,156,733 B  compactions 81
      81,500,000 ops       4,329 ops/s  elapsed  18827.2s  maxrss 104375 MB  manifest 6,055,565 B  segment 4,250,111,494 B  compactions 81
      82,000,000 ops       4,267 ops/s  elapsed  19217.7s  maxrss 105607 MB  manifest 2,111,894 B  segment 4,286,102,915 B  compactions 82
      82,500,000 ops       4,288 ops/s  elapsed  19238.6s  maxrss 105607 MB  manifest 6,252,406 B  segment 4,302,057,763 B  compactions 82
      83,000,000 ops       4,227 ops/s  elapsed  19634.3s  maxrss 106836 MB  manifest 2,112,415 B  segment 4,338,078,579 B  compactions 83
      83,500,000 ops       4,248 ops/s  elapsed  19655.2s  maxrss 106836 MB  manifest 6,451,851 B  segment 4,354,033,320 B  compactions 83
      84,000,000 ops       4,188 ops/s  elapsed  20057.1s  maxrss 108064 MB  manifest 2,112,937 B  segment 4,390,053,002 B  compactions 84
      84,500,000 ops       4,208 ops/s  elapsed  20078.5s  maxrss 108064 MB  manifest 6,649,217 B  segment 4,406,007,626 B  compactions 84
      85,000,000 ops       4,150 ops/s  elapsed  20482.6s  maxrss 109294 MB  manifest 2,113,459 B  segment 4,442,030,182 B  compactions 85
      85,500,000 ops       4,170 ops/s  elapsed  20503.8s  maxrss 109294 MB  manifest 6,848,663 B  segment 4,457,985,823 B  compactions 85
      86,000,000 ops       4,112 ops/s  elapsed  20915.0s  maxrss 110524 MB  manifest 2,113,981 B  segment 4,494,008,206 B  compactions 86
      86,500,000 ops       4,132 ops/s  elapsed  20936.5s  maxrss 110524 MB  manifest 5,976,693 B  segment 4,509,963,042 B  compactions 86
      87,000,000 ops       4,075 ops/s  elapsed  21348.2s  maxrss 111758 MB  manifest 2,114,503 B  segment 4,545,982,188 B  compactions 87
      87,500,000 ops       4,095 ops/s  elapsed  21368.6s  maxrss 111758 MB  manifest 6,184,611 B  segment 4,561,936,915 B  compactions 87
      88,000,000 ops       4,039 ops/s  elapsed  21786.5s  maxrss 112987 MB  manifest 2,115,025 B  segment 4,597,957,931 B  compactions 88
      88,500,000 ops       4,058 ops/s  elapsed  21807.4s  maxrss 112987 MB  manifest 6,381,977 B  segment 4,613,912,592 B  compactions 88
      89,000,000 ops       4,003 ops/s  elapsed  22231.7s  maxrss 114217 MB  manifest 2,115,546 B  segment 4,649,934,944 B  compactions 89
      89,500,000 ops       4,022 ops/s  elapsed  22252.0s  maxrss 114217 MB  manifest 6,581,418 B  segment 4,665,889,545 B  compactions 89
      90,000,000 ops       3,968 ops/s  elapsed  22680.6s  maxrss 115446 MB  manifest 2,116,068 B  segment 4,701,910,050 B  compactions 90
      90,500,000 ops       3,987 ops/s  elapsed  22701.6s  maxrss 115446 MB  manifest 6,778,788 B  segment 4,717,866,107 B  compactions 90
      91,000,000 ops       3,934 ops/s  elapsed  23131.9s  maxrss 116679 MB  manifest 2,116,070 B  segment 4,753,860,776 B  compactions 91
      91,500,000 ops       3,952 ops/s  elapsed  23153.2s  maxrss 116679 MB  manifest 6,975,630 B  segment 4,769,815,573 B  compactions 91
      92,000,000 ops       3,900 ops/s  elapsed  23590.2s  maxrss 117909 MB  manifest 2,116,591 B  segment 4,805,807,213 B  compactions 92
      92,500,000 ops       3,918 ops/s  elapsed  23611.3s  maxrss 117909 MB  manifest 6,114,211 B  segment 4,821,762,065 B  compactions 92
      93,000,000 ops       3,867 ops/s  elapsed  24051.9s  maxrss 119139 MB  manifest 2,117,113 B  segment 4,857,783,017 B  compactions 93
      93,500,000 ops       3,884 ops/s  elapsed  24072.8s  maxrss 119139 MB  manifest 6,311,577 B  segment 4,873,737,705 B  compactions 93
      94,000,000 ops       3,832 ops/s  elapsed  24527.7s  maxrss 120368 MB  manifest 2,117,635 B  segment 4,909,758,953 B  compactions 94
      94,500,000 ops       3,849 ops/s  elapsed  24549.0s  maxrss 120368 MB  manifest 6,511,023 B  segment 4,925,713,637 B  compactions 94
      95,000,000 ops       3,786 ops/s  elapsed  25094.3s  maxrss 121601 MB  manifest 2,118,157 B  segment 4,961,733,470 B  compactions 95
      95,500,000 ops       3,802 ops/s  elapsed  25115.9s  maxrss 121601 MB  manifest 6,714,741 B  segment 4,977,688,995 B  compactions 95
      96,000,000 ops       3,748 ops/s  elapsed  25615.8s  maxrss 122826 MB  manifest 2,122,681 B  segment 5,013,711,954 B  compactions 96
      96,500,000 ops       3,764 ops/s  elapsed  25637.3s  maxrss 122826 MB  manifest 6,918,577 B  segment 5,029,666,638 B  compactions 96
      97,000,000 ops       3,716 ops/s  elapsed  26104.0s  maxrss 124061 MB  manifest 2,123,205 B  segment 5,065,685,541 B  compactions 97
      97,500,000 ops       3,732 ops/s  elapsed  26125.1s  maxrss 124061 MB  manifest 6,031,453 B  segment 5,081,640,339 B  compactions 97
      98,000,000 ops       3,685 ops/s  elapsed  26595.0s  maxrss 125292 MB  manifest 2,123,206 B  segment 5,117,661,650 B  compactions 98
      98,500,000 ops       3,701 ops/s  elapsed  26616.3s  maxrss 125292 MB  manifest 6,250,634 B  segment 5,133,616,271 B  compactions 98
      99,000,000 ops       3,655 ops/s  elapsed  27088.7s  maxrss 126522 MB  manifest 2,123,728 B  segment 5,169,636,891 B  compactions 99
      99,500,000 ops       3,670 ops/s  elapsed  27109.7s  maxrss 126522 MB  manifest 6,450,464 B  segment 5,185,591,475 B  compactions 99
     100,000,000 ops       3,625 ops/s  elapsed  27586.7s  maxrss 127751 MB  manifest 2,124,255 B  segment 5,221,612,707 B  compactions 100

DONE ops=100,000,262 wall=28372.936s compactions=101 maxrss=182053MB manifest=206,946B segment=5,218,378,406B
digest_mode=streaming
store_digest=48bcb256874e6ad7ed8712ebff668fb25f81c6eafd78d7274efa245efa8a2d97
content_digest=None
record: /project/xzhang12/tgms-b7/stores/synth-100m-native/build-record.json
PROJECT_DU_AFTER_MB=57945
BUILD_EXIT=0
RUN_FINISHED commit=b159bd10aa53ad5de5f4e8ff7af1c87789d6afd0 exit=0
