RUN_STARTED commit=886805f
  copying /mnt/project/xzhang/tgms/work/tgms/stores/synth-1m-native -> /mnt/project/xzhang/tgms/longevity/2026-09-15/store ...
  store manifest format 1 detected; running 'tgms store upgrade-manifests' before the writer opens it ...
  soak running for 86400s: mix=balanced readers=8 compact_every=500 restart_every=1800.0
  writer life 0 ended (designed, rc=-6); recovered in 4.840s
  writer life 1 ended (designed, rc=137); recovered in 5.229s
  writer life 2 ended (designed, rc=-6); recovered in 7.903s
  writer life 3 ended (designed, rc=137); recovered in 10.135s
  writer life 4 ended (designed, rc=137); recovered in 11.235s
  writer life 5 ended (designed, rc=137); recovered in 10.280s
  writer life 6 ended (designed, rc=137); recovered in 11.377s
  writer life 7 ended (designed, rc=-6); recovered in 14.144s
  writer life 8 ended (designed, rc=-6); recovered in 14.698s
  writer life 9 ended (designed, rc=137); recovered in 13.190s
  writer life 10 ended (designed, rc=-6); recovered in 14.072s
  writer life 11 ended (designed, rc=-6); recovered in 16.653s
  writer life 12 ended (designed, rc=137); recovered in 17.238s
  writer life 13 ended (designed, rc=-6); recovered in 17.835s
  writer life 14 ended (designed, rc=-6); recovered in 18.104s
  writer life 15 ended (designed, rc=-6); recovered in 19.038s
  writer life 16 ended (designed, rc=137); recovered in 17.027s
  writer life 17 ended (designed, rc=137); recovered in 14.954s
  writer life 18 ended (designed, rc=-6); recovered in 16.173s
  writer life 19 ended (designed, rc=-6); recovered in 16.374s
  writer life 20 ended (designed, rc=137); recovered in 16.708s
  writer life 21 ended (designed, rc=137); recovered in 17.291s
  writer life 22 ended (designed, rc=-6); recovered in 20.603s
  writer life 23 ended (designed, rc=-6); recovered in 23.316s
  writer life 24 ended (designed, rc=137); recovered in 20.620s
  writer life 25 ended (designed, rc=-6); recovered in 21.995s
  writer life 26 ended (designed, rc=-6); recovered in 24.517s
  writer life 27 ended (designed, rc=-6); recovered in 21.934s
  writer life 28 ended (designed, rc=-6); recovered in 23.110s
  writer life 29 ended (designed, rc=-6); recovered in 26.217s
  writer life 30 ended (designed, rc=-6); recovered in 23.352s
  writer life 31 ended (designed, rc=-6); recovered in 21.213s
  writer life 32 ended (designed, rc=-6); recovered in 25.626s
  writer life 33 ended (designed, rc=137); recovered in 24.374s
  writer life 34 ended (designed, rc=137); recovered in 22.430s
  writer life 35 ended (designed, rc=-6); recovered in 23.253s
  writer life 36 ended (designed, rc=-6); recovered in 27.222s
  writer life 37 ended (designed, rc=137); recovered in 26.148s
  writer life 38 ended (designed, rc=137); recovered in 23.684s
  reader 6 died (rc=1); restarting
  writer life 39 ended (designed, rc=137); recovered in 24.449s
  writer life 40 ended (designed, rc=137); recovered in 24.935s
  reader 5 died (rc=1); restarting
  duration elapsed; waiting for children to stop ...
  verifying final store ...
  LEDGER disk_guard_replay_skip: total_batches=1074952, projected_mb=280791798.0, current_mb=569.7, limit_mb=20000.0
  SKIPPING final replay: 1074952 uncompacted batches would project to ~280791798 MB of manifests (D-149's own O(batches^2) pathology), which would push --out over --max-disk-mb=20000; digest equivalence not checked this run.
  wrote /mnt/project/xzhang/tgms/longevity/2026-09-15/longevity-synth-1m-native-0.json
  manifest conforms to result_manifest.schema.json
RUN_DONE digest_equal=None verify_healthy=True recoveries=41 reader_restarts=2 errors=1
